<html>
<body>
<pre>
<h1>µVision Build Log</h1>
<h2>Tool Versions:</h2>
IDE-Version: µVision V5.14.0.0
Copyright (C) 2015 ARM Ltd and ARM Germany GmbH. All rights reserved.
License Information: EvGen MaStak, E-Zone, LIC=Y2BTG-V9Z5Q-C1KPU-SINQ7-2LW2I-BAC5S
 
Tool Versions:
Toolchain:       MDK-ARM Professional  Version: 5.14.0.0
Toolchain Path:  C:\Program Files\Keil\ARM\ARMCC\Bin
C Compiler:      Armcc.exe V5.05 update 1 (build 106)
Assembler:       Armasm.exe V5.05 update 1 (build 106)
Linker/Locator:  ArmLink.exe V5.05 update 1 (build 106)
Library Manager: ArmAr.exe V5.05 update 1 (build 106)
Hex Converter:   FromElf.exe V5.05 update 1 (build 106)
CPU DLL:         SARMCM3.DLL V5.14.0.0
Dialog DLL:      DARMSTM.DLL V1.65.0.0
Target DLL:      STLink\ST-LINKIII-KEIL_SWO.dll V2.0.14.0_KEIL
Dialog DLL:      TARMSTM.DLL V1.64.0.0
 
<h2>Project:</h2>
C:\Program Files\Keil\Projects\USBFeed\USBFeedDriver[STM32F103]\usbfeeddrv.uvproj
Project File Date:  05/08/2015

<h2>Output:</h2>
Rebuild target 'STM32F103RBT6'
assembling startup_stm32f10x_md.s...
compiling init.c...
compiling main.c...
compiling rtc.c...
compiling iwdt.c...
compiling usbfeed.c...
linking...
Program Size: Code=4036 RO-data=496 RW-data=264 ZI-data=19676  
FromELF: creating hex file...
".\usbfeeddrv.axf" - 0 Error(s), 0 Warning(s).
</pre>
</body>
</html>
